---
source: src/tests.rs
assertion_line: 12
expression: stats(path)
input_file: src/test-data/LOG00002.BFL

---
main: 222394
gnss: 237
slow: 2051
event: 11
garbage: 0
remaining_bytes: 0
gyro_adc0_histo:
  neg:
    - 13
    - 88
    - 117
    - 88
    - 88
    - 57
    - 33
    - 59
    - 25
    - 7
    - 45
    - 16
    - 16
    - 21
    - 5
    - 4
    - 7
    - 28
    - 5
    - 19
    - 4
    - 4
    - 0
    - 2
    - 20
    - 1474
    - 4574
    - 11785
    - 25410
    - 21119
    - 16186
    - 12237
  zero: 29566
  pos:
    - 16140
    - 21325
    - 25393
    - 20843
    - 10819
    - 2873
    - 637
    - 8
    - 2
    - 0
    - 0
    - 1
    - 3
    - 1
    - 1
    - 1
    - 3
    - 6
    - 21
    - 43
    - 26
    - 29
    - 60
    - 35
    - 72
    - 175
    - 299
    - 83
    - 49
    - 195
    - 126
    - 3

